
Memory Configuration

Name             Origin             Length             Attributes
flash            0x08000000         0x00010000         xr
ram              0x20000000         0x00006000         xrw
*default*        0x00000000         0xffffffff

Linker script and memory map

LOAD Tmp/./BUFF.c.o
LOAD Tmp/./SDADC.c.o
LOAD Tmp/./Main.c.o
LOAD Tmp/./USB.c.o
LOAD Tmp/./Startup.c.o
LOAD /usr/lib/gcc/arm-none-eabi/12.2.1/../../../arm-none-eabi/lib/thumb/v7e-m+fp/softfp/libc.a
LOAD /usr/lib/gcc/arm-none-eabi/12.2.1/thumb/v7e-m+fp/softfp/libgcc.a
                0x20006000                        STACK_END = (ORIGIN (ram) + LENGTH (ram))

.text           0x08000000     0x131d
 *(.vectors)
 .vectors       0x08000000      0x184 Tmp/./Startup.c.o
                0x08000000                Vectors
 *(.text)
 .text          0x08000184       0xe0 Tmp/./BUFF.c.o
                0x08000184                BUFF_PushSample
                0x080001c4                BUFF_FillPMA
                0x0800023c                BUFF_IncScan
                0x0800024c                BUFF_Init
 .text          0x08000264      0x16c Tmp/./SDADC.c.o
                0x08000264                DMA2_CH3_ISR
                0x080002d8                SDADC_Capture
                0x08000324                SDADC_Init
 .text          0x080003d0      0x128 Tmp/./Main.c.o
                0x080003d0                Int2Hex
                0x080003e0                SetTimes
                0x080003f4                SetDelays
                0x08000408                SetSamples
                0x0800041c                Capture
                0x08000438                TIM6Delay
                0x08000460                Main
 .text          0x080004f8      0xc84 Tmp/./USB.c.o
                0x080004f8                USB_SetAddress
                0x08000524                USB_HandleEP1_TX
                0x08000578                USB_IsAddressed
                0x08000590                USB_IntToUnicode
                0x080005be                USB_StallEP
                0x08000680                USB_RegisterEP
                0x08000694                USB_WritePMA
                0x080006e6                USB_ReadPMA
                0x0800073a                USB_WriteEP
                0x08000814                USB_ReadEP
                0x0800090c                USB_GetNextPMA
                0x0800094a                USB_ConfigEP
                0x08000aac                USB_DeconfigEP
                0x08000adc                USB_HandleEP0_Process
                0x08000d60                USB_StallEP0
                0x08000d88                USB_HandleEP0_TX
                0x08000e24                USB_HandleEP0_RX
                0x08000f74                USB_HandleEP0
                0x08000fa0                USB_LP_ISR
                0x0800110c                USB_Init
 .text          0x0800117c      0x144 Tmp/./Startup.c.o
                0x08001180                HardFault_Handler
                0x0800119a                Sys_Init
                0x08001270                HardFault_HandlerC
 *(.rodata .rodata.*)
 .rodata        0x080012c0       0x5d Tmp/./USB.c.o
                0x080012c0                StringLangID
                0x080012c4                StringVendor
                0x080012d0                StringProduct
                0x080012f0                USB_Descriptor
                0x08001304                USB_ConfigDescriptor

.glue_7         0x08001320        0x0
 .glue_7        0x08001320        0x0 linker stubs

.glue_7t        0x08001320        0x0
 .glue_7t       0x08001320        0x0 linker stubs

.vfp11_veneer   0x08001320        0x0
 .vfp11_veneer  0x08001320        0x0 linker stubs

.v4_bx          0x08001320        0x0
 .v4_bx         0x08001320        0x0 linker stubs

.iplt           0x08001320        0x0
 .iplt          0x08001320        0x0 Tmp/./BUFF.c.o

.rel.dyn        0x08001320        0x0
 .rel.iplt      0x08001320        0x0 Tmp/./BUFF.c.o

.data           0x20000000        0x0 load address 0x0800131d
                0x0800131d                        DATA_VALUES = LOADADDR (.data)
                0x20000000                        DATA_START = .
 *(.data)
 .data          0x20000000        0x0 Tmp/./BUFF.c.o
 .data          0x20000000        0x0 Tmp/./SDADC.c.o
 .data          0x20000000        0x0 Tmp/./Main.c.o
 .data          0x20000000        0x0 Tmp/./USB.c.o
 .data          0x20000000        0x0 Tmp/./Startup.c.o
                0x20000000                        DATA_END = .

.igot.plt       0x20000000        0x0 load address 0x0800131d
 .igot.plt      0x20000000        0x0 Tmp/./BUFF.c.o

.bss            0x20000000     0x4115 load address 0x0800131d
                0x20000000                        BSS_START = .
 *(.bss)
 .bss           0x20000000     0x4010 Tmp/./BUFF.c.o
 .bss           0x20004010       0x84 Tmp/./SDADC.c.o
 .bss           0x20004094        0xc Tmp/./Main.c.o
 .bss           0x200040a0       0x75 Tmp/./USB.c.o
 .bss           0x20004115        0x0 Tmp/./Startup.c.o
                0x20004115                        BSS_END = .
OUTPUT(Tmp/Firmware elf32-littlearm)
LOAD linker stubs

.debug_info     0x00000000     0x2d2e
 .debug_info    0x00000000      0x1a1 Tmp/./BUFF.c.o
 .debug_info    0x000001a1      0xa72 Tmp/./SDADC.c.o
 .debug_info    0x00000c13      0x52f Tmp/./Main.c.o
 .debug_info    0x00001142     0x15ce Tmp/./USB.c.o
 .debug_info    0x00002710      0x61e Tmp/./Startup.c.o

.debug_abbrev   0x00000000      0xb2a
 .debug_abbrev  0x00000000       0xf7 Tmp/./BUFF.c.o
 .debug_abbrev  0x000000f7      0x210 Tmp/./SDADC.c.o
 .debug_abbrev  0x00000307      0x193 Tmp/./Main.c.o
 .debug_abbrev  0x0000049a      0x458 Tmp/./USB.c.o
 .debug_abbrev  0x000008f2      0x238 Tmp/./Startup.c.o

.debug_loclists
                0x00000000      0xa4a
 .debug_loclists
                0x00000000       0x7d Tmp/./BUFF.c.o
 .debug_loclists
                0x0000007d       0x88 Tmp/./SDADC.c.o
 .debug_loclists
                0x00000105       0x54 Tmp/./Main.c.o
 .debug_loclists
                0x00000159      0x84b Tmp/./USB.c.o
 .debug_loclists
                0x000009a4       0xa6 Tmp/./Startup.c.o

.debug_aranges  0x00000000       0xa0
 .debug_aranges
                0x00000000       0x20 Tmp/./BUFF.c.o
 .debug_aranges
                0x00000020       0x20 Tmp/./SDADC.c.o
 .debug_aranges
                0x00000040       0x20 Tmp/./Main.c.o
 .debug_aranges
                0x00000060       0x20 Tmp/./USB.c.o
 .debug_aranges
                0x00000080       0x20 Tmp/./Startup.c.o

.debug_line     0x00000000     0x16f4
 .debug_line    0x00000000      0x195 Tmp/./BUFF.c.o
 .debug_line    0x00000195      0x28b Tmp/./SDADC.c.o
 .debug_line    0x00000420      0x1dc Tmp/./Main.c.o
 .debug_line    0x000005fc      0xe41 Tmp/./USB.c.o
 .debug_line    0x0000143d      0x2b7 Tmp/./Startup.c.o

.debug_str      0x00000000      0xe69
 .debug_str     0x00000000      0x1c6 Tmp/./BUFF.c.o
                                0x210 (size before relaxing)
 .debug_str     0x000001c6      0x61a Tmp/./SDADC.c.o
                                0x804 (size before relaxing)
 .debug_str     0x000007e0       0xdf Tmp/./Main.c.o
                                0x347 (size before relaxing)
 .debug_str     0x000008bf      0x417 Tmp/./USB.c.o
                                0xb68 (size before relaxing)
 .debug_str     0x00000cd6      0x193 Tmp/./Startup.c.o
                                0x3f8 (size before relaxing)

.comment        0x00000000       0x26
 .comment       0x00000000       0x26 Tmp/./BUFF.c.o
                                 0x27 (size before relaxing)
 .comment       0x00000026       0x27 Tmp/./SDADC.c.o
 .comment       0x00000026       0x27 Tmp/./Main.c.o
 .comment       0x00000026       0x27 Tmp/./USB.c.o
 .comment       0x00000026       0x27 Tmp/./Startup.c.o

.ARM.attributes
                0x00000000       0x32
 .ARM.attributes
                0x00000000       0x32 Tmp/./BUFF.c.o
 .ARM.attributes
                0x00000032       0x32 Tmp/./SDADC.c.o
 .ARM.attributes
                0x00000064       0x32 Tmp/./Main.c.o
 .ARM.attributes
                0x00000096       0x32 Tmp/./USB.c.o
 .ARM.attributes
                0x000000c8       0x32 Tmp/./Startup.c.o

.debug_frame    0x00000000      0x388
 .debug_frame   0x00000000       0x6c Tmp/./BUFF.c.o
 .debug_frame   0x0000006c       0x4c Tmp/./SDADC.c.o
 .debug_frame   0x000000b8       0x90 Tmp/./Main.c.o
 .debug_frame   0x00000148      0x1e0 Tmp/./USB.c.o
 .debug_frame   0x00000328       0x60 Tmp/./Startup.c.o

.debug_rnglists
                0x00000000       0x40
 .debug_rnglists
                0x00000000       0x13 Tmp/./SDADC.c.o
 .debug_rnglists
                0x00000013       0x2d Tmp/./USB.c.o
